
> temp_app@0.1.0 build
> next build

Γû▓ Next.js 16.1.5 (Turbopack)
- Environments: .env.local

node.exe : ΓÜá The 
"middleware" file 
convention is deprecated. 
Please use "proxy" 
instead. Learn more: https:
//nextjs.org/docs/messages/
middleware-to-proxy
At line:1 char:1
+ & "C:\Program 
Files\nodejs/node.exe" 
"C:\Program 
Files\nodejs/node_mo ...
+ ~~~~~~~~~~~~~~~~~~~~~~~~~
~~~~~~~~~~~~~~~~~~~~~~~~~~~
~~~~~~~~~~~~~~~~~
    + CategoryInfo         
     : NotSpecified    : 
(ΓÜá The "middle.    
..leware-to-proxy:S    
tring) [], RemoteEx    
ception
    + FullyQualifiedErr    
orId : NativeComman    
dError
 
  Creating an optimized production build ...

> Build error occurred
Error: Turbopack build 
failed with 5 errors:
./lib/actions.ts:7:5
Ecmascript file had an 
error
[0m [90m  5 |[39m
 [90m  6 |[39m 
[36mexport[39m 
[36masync[39m 
[36mfunction[39m createHa
wk(formData[33m:[39m 
[33mFormData[39m) {
[31m[1m>[22m[39m[90m  
7 |[39m     [32m'use 
server'[39m
 [90m    |[39m     [31m
[1m^[22m[39m[31m[1m^[2
2m[39m[31m[1m^[22m[39m
[31m[1m^[22m[39m[31m[
1m^[22m[39m[31m[1m^[22
m[39m[31m[1m^[22m[39m
[31m[1m^[22m[39m[31m[1
m^[22m[39m[31m[1m^[22m
[39m[31m[1m^[22m[39m[
31m[1m^[22m[39m
 [90m  8 |[39m
 [90m  9 |[39m     
[36mtry[39m {
 [90m 10 |[39m         
[36mconst[39m supabase 
[33m=[39m 
[36mawait[39m 
createClient()[0m

It is not allowed to 
define inline "use server" 
annotated Server Actions 
in Client Components.
To use Server Actions in a 
Client Component, you can 
either export them from a 
separate file with "use 
server" at the top, or 
pass them down through 
props from a Server 
Component.

Read more: https://nextjs.o
rg/docs/app/api-reference/d
irectives/use-server#using-
server-functions-in-a-clien
t-component


Import traces:
  Client Component Browser:
    ./lib/actions.ts 
[Client Component Browser]
    
./components/hawk-form.tsx 
[Client Component Browser]
    
./components/hawk-form.tsx 
[Server Component]
    
./app/dashboard/page.tsx 
[Server Component]

  Client Component SSR:
    ./lib/actions.ts 
[Client Component SSR]
    
./components/hawk-form.tsx 
[Client Component SSR]
    
./components/hawk-form.tsx 
[Server Component]
    
./app/dashboard/page.tsx 
[Server Component]


./lib/actions.ts:63:5
Ecmascript file had an 
error
[0m [90m 61 |[39m
 [90m 62 |[39m 
[36mexport[39m 
[36masync[39m 
[36mfunction[39m 
deleteHawk(id[33m:[39m 
string) {
[31m[1m>[22m[39m[90m 
63 |[39m     [32m'use 
server'[39m
 [90m    |[39m     [31m
[1m^[22m[39m[31m[1m^[2
2m[39m[31m[1m^[22m[39m
[31m[1m^[22m[39m[31m[
1m^[22m[39m[31m[1m^[22
m[39m[31m[1m^[22m[39m
[31m[1m^[22m[39m[31m[1
m^[22m[39m[31m[1m^[22m
[39m[31m[1m^[22m[39m[
31m[1m^[22m[39m
 [90m 64 |[39m
 [90m 65 |[39m     
[36mconst[39m supabase 
[33m=[39m 
[36mawait[39m 
createClient()
 [90m 66 |[39m     
[36mconst[39m { error } 
[33m=[39m 
[36mawait[39m supabase[3
3m.[39m[36mfrom[39m([32
m'hawks'[39m)[33m.[39m[
36mdelete[39m()[33m.[39m
eq([32m'id'[39m[33m,[39
m id)[0m

It is not allowed to 
define inline "use server" 
annotated Server Actions 
in Client Components.
To use Server Actions in a 
Client Component, you can 
either export them from a 
separate file with "use 
server" at the top, or 
pass them down through 
props from a Server 
Component.

Read more: https://nextjs.o
rg/docs/app/api-reference/d
irectives/use-server#using-
server-functions-in-a-clien
t-component


Import traces:
  Client Component Browser:
    ./lib/actions.ts 
[Client Component Browser]
    
./components/hawk-form.tsx 
[Client Component Browser]
    
./components/hawk-form.tsx 
[Server Component]
    
./app/dashboard/page.tsx 
[Server Component]

  Client Component SSR:
    ./lib/actions.ts 
[Client Component SSR]
    
./components/hawk-form.tsx 
[Client Component SSR]
    
./components/hawk-form.tsx 
[Server Component]
    
./app/dashboard/page.tsx 
[Server Component]


./lib/actions.ts:77:5
Ecmascript file had an 
error
[0m [90m 75 |[39m
 [90m 76 |[39m 
[36mexport[39m 
[36masync[39m 
[36mfunction[39m 
updateHawk(id[33m:[39m 
string[33m,[39m 
formData[33m:[39m 
[33mFormData[39m) {
[31m[1m>[22m[39m[90m 
77 |[39m     [32m'use 
server'[39m
 [90m    |[39m     [31m
[1m^[22m[39m[31m[1m^[2
2m[39m[31m[1m^[22m[39m
[31m[1m^[22m[39m[31m[
1m^[22m[39m[31m[1m^[22
m[39m[31m[1m^[22m[39m
[31m[1m^[22m[39m[31m[1
m^[22m[39m[31m[1m^[22m
[39m[31m[1m^[22m[39m[
31m[1m^[22m[39m
 [90m 78 |[39m
 [90m 79 |[39m     
[36mtry[39m {
 [90m 80 |[39m         
[36mconst[39m supabase 
[33m=[39m 
[36mawait[39m 
createClient()[0m

It is not allowed to 
define inline "use server" 
annotated Server Actions 
in Client Components.
To use Server Actions in a 
Client Component, you can 
either export them from a 
separate file with "use 
server" at the top, or 
pass them down through 
props from a Server 
Component.

Read more: https://nextjs.o
rg/docs/app/api-reference/d
irectives/use-server#using-
server-functions-in-a-clien
t-component


Import traces:
  Client Component Browser:
    ./lib/actions.ts 
[Client Component Browser]
    
./components/hawk-form.tsx 
[Client Component Browser]
    
./components/hawk-form.tsx 
[Server Component]
    
./app/dashboard/page.tsx 
[Server Component]

  Client Component SSR:
    ./lib/actions.ts 
[Client Component SSR]
    
./components/hawk-form.tsx 
[Client Component SSR]
    
./components/hawk-form.tsx 
[Server Component]
    
./app/dashboard/page.tsx 
[Server Component]


./lib/actions.ts:2:10
Ecmascript file had an 
error
[0m [90m 1 |[39m 
[36mimport[39m { 
createClient } 
[36mfrom[39m [32m'@/lib/
supabase-server'[39m
[31m[1m>[22m[39m[90m 
2 |[39m [36mimport[39m 
{ revalidatePath } 
[36mfrom[39m 
[32m'next/cache'[39m
 [90m   |[39m          [
31m[1m^[22m[39m[31m[1m
^[22m[39m[31m[1m^[22m
[39m[31m[1m^[22m[39m[3
1m[1m^[22m[39m[31m[1m^
[22m[39m[31m[1m^[22m[
39m[31m[1m^[22m[39m[31
m[1m^[22m[39m[31m[1m^
[22m[39m[31m[1m^[22m[3
9m[31m[1m^[22m[39m[31m
[1m^[22m[39m[31m[1m^[
22m[39m
 [90m 3 |[39m 
[36mimport[39m { 
getUserTier[33m,[39m 
getTierLimits } 
[36mfrom[39m [32m'@/lib/
subscription'[39m
 [90m 4 |[39m 
[36mimport[39m { 
redirect } [36mfrom[39m 
[32m'next/navigation'[39m
 [90m 5 |[39m[0m

You're importing a 
component that needs 
"revalidatePath". That 
only works in a Server 
Component which is not 
supported in the pages/ 
directory. Read more: https
://nextjs.org/docs/app/buil
ding-your-application/rende
ring/server-components



Import traces:
  Client Component Browser:
    ./lib/actions.ts 
[Client Component Browser]
    
./components/hawk-form.tsx 
[Client Component Browser]
    
./components/hawk-form.tsx 
[Server Component]
    
./app/dashboard/page.tsx 
[Server Component]

  Client Component SSR:
    ./lib/actions.ts 
[Client Component SSR]
    
./components/hawk-form.tsx 
[Client Component SSR]
    
./components/hawk-form.tsx 
[Server Component]
    
./app/dashboard/page.tsx 
[Server Component]


./lib/supabase-server.ts:2:
1
Ecmascript file had an 
error
[0m [90m 1 |[39m 
[36mimport[39m { 
createServerClient } 
[36mfrom[39m 
[32m'@supabase/ssr'[39m
[31m[1m>[22m[39m[90m 
2 |[39m [36mimport[39m 
{ cookies } [36mfrom[39m 
[32m'next/headers'[39m
 [90m   |[39m [31m[1m^
[22m[39m[31m[1m^[22m[3
9m[31m[1m^[22m[39m[31m
[1m^[22m[39m[31m[1m^[
22m[39m[31m[1m^[22m[39
m[31m[1m^[22m[39m[31m
[1m^[22m[39m[31m[1m^[2
2m[39m[31m[1m^[22m[39m
[31m[1m^[22m[39m[31m[
1m^[22m[39m[31m[1m^[22
m[39m[31m[1m^[22m[39m
[31m[1m^[22m[39m[31m[1
m^[22m[39m[31m[1m^[22m
[39m[31m[1m^[22m[39m[
31m[1m^[22m[39m[31m[1m
^[22m[39m[31m[1m^[22m
[39m[31m[1m^[22m[39m[3
1m[1m^[22m[39m[31m[1m^
[22m[39m[31m[1m^[22m[
39m[31m[1m^[22m[39m[31
m[1m^[22m[39m[31m[1m^
[22m[39m[31m[1m^[22m[3
9m[31m[1m^[22m[39m[31m
[1m^[22m[39m[31m[1m^[
22m[39m[31m[1m^[22m[39
m[31m[1m^[22m[39m[31m
[1m^[22m[39m[31m[1m^[2
2m[39m[31m[1m^[22m[39m
[31m[1m^[22m[39m
 [90m 3 |[39m
 [90m 4 |[39m 
[36mexport[39m 
[36masync[39m 
[36mfunction[39m 
createClient() {
 [90m 5 |[39m     
[36mconst[39m 
cookieStore [33m=[39m 
[36mawait[39m 
cookies()[0m

You're importing a 
component that needs 
"next/headers". That only 
works in a Server 
Component which is not 
supported in the pages/ 
directory. Read more: https
://nextjs.org/docs/app/buil
ding-your-application/rende
ring/server-components



Import traces:
  App Route:
    
./lib/supabase-server.ts
    
./app/api/scrape/route.ts

  Server Component:
    
./lib/supabase-server.ts
    
./app/dashboard/page.tsx

  Client Component Browser:
    
./lib/supabase-server.ts 
[Client Component Browser]
    ./lib/actions.ts 
[Client Component Browser]
    
./components/hawk-form.tsx 
[Client Component Browser]
    
./components/hawk-form.tsx 
[Server Component]
    
./app/dashboard/page.tsx 
[Server Component]

  Client Component SSR:
    
./lib/supabase-server.ts 
[Client Component SSR]
    ./lib/actions.ts 
[Client Component SSR]
    
./components/hawk-form.tsx 
[Client Component SSR]
    
./components/hawk-form.tsx 
[Server Component]
    
./app/dashboard/page.tsx 
[Server Component]


    at <unknown> 
(./lib/actions.ts:7:5)
    at <unknown> 
(./lib/actions.ts:63:5)
    at <unknown> 
(./lib/actions.ts:77:5)
    at <unknown> 
(./lib/actions.ts:2:10)
    at <unknown> (./lib/sup
abase-server.ts:2:1)
